exports[`ListComponent [snapshot] it renders correctly 1`] = `
<ListGroup
  bsClass="list-group"
  fill={true} />
`;
